#-----------------------------------------------------------
# Vivado v2024.1 (64-bit)
# SW Build 5076996 on Wed May 22 18:37:14 MDT 2024
# IP Build 5075265 on Wed May 22 21:45:21 MDT 2024
# SharedData Build 5076995 on Wed May 22 18:29:18 MDT 2024
# Start of session at: Sun Mar  1 17:15:24 2026
# Process ID: 2916
# Current directory: C:/Users/C28Kimberly.Cahoon/ECE281/Lab02/Ece281Lab02Cahoon/src/synth_1
# Command line: vivado.exe -log top_basys3.vds -product Vivado -mode batch -messageDb vivado.pb -notrace -source top_basys3.tcl
# Log file: C:/Users/C28Kimberly.Cahoon/ECE281/Lab02/Ece281Lab02Cahoon/src/synth_1/top_basys3.vds
# Journal file: C:/Users/C28Kimberly.Cahoon/ECE281/Lab02/Ece281Lab02Cahoon/src/synth_1\vivado.jou
# Running On        :C28-2TK416011P
# Platform          :Windows Server 2016 or Windows 10
# Operating System  :22631
# Processor Detail  :AMD Ryzen 7 PRO 7840U w/ Radeon 780M Graphics  
# CPU Frequency     :3294 MHz
# CPU Physical cores:8
# CPU Logical cores :16
# Host memory       :33585 MB
# Swap memory       :11811 MB
# Total Virtual     :45396 MB
# Available Virtual :20494 MB
#-----------------------------------------------------------
source top_basys3.tcl -notrace
